// Jest Snapshot v1, https://goo.gl/fbAQLP

exports[`Container it should works 1`] = `
.c0 {
  width: 100%;
  margin-right: auto;
  margin-left: auto;
  padding-right: 1rem;
  padding-left: 1rem;
}

@media (min-width:576px) {
  .c0 {
    max-width: 540px;
  }
}

@media (min-width:768px) {
  .c0 {
    max-width: 720px;
  }
}

@media (min-width:992px) {
  .c0 {
    max-width: 960px;
  }
}

@media (min-width:1200px) {
  .c0 {
    max-width: 1040px;
  }
}

<div
  class="c0"
/>
`;
